ordinal,uid,model,gsim,weight
0,b_1~b1,scenario,BooreAtkinson2008(),7.5000000e-01
1,b_1~b2,scenario,ChiouYoungs2008(),2.5000000e-01
